127.0.0.1 - - [28/Jul/2022:09:48:10 +0900] "GET / HTTP/1.1" 404 807
0:0:0:0:0:0:0:1 - - [28/Jul/2022:09:48:19 +0900] "GET /ServletProjet/WEB-INF/BBS/write.html HTTP/1.1" 404 721
127.0.0.1 - - [28/Jul/2022:09:48:36 +0900] "GET / HTTP/1.1" 404 807
127.0.0.1 - - [28/Jul/2022:09:53:12 +0900] "GET / HTTP/1.1" 404 807
0:0:0:0:0:0:0:1 - - [28/Jul/2022:09:53:14 +0900] "GET /ServletProjet/WEB-INF/BBS/write.html HTTP/1.1" 404 721
127.0.0.1 - - [28/Jul/2022:09:55:36 +0900] "GET / HTTP/1.1" 404 807
0:0:0:0:0:0:0:1 - - [28/Jul/2022:09:55:39 +0900] "GET /ServletProjet/WEB-INF/BBS/write.html HTTP/1.1" 404 721
127.0.0.1 - - [28/Jul/2022:09:57:20 +0900] "GET / HTTP/1.1" 404 807
0:0:0:0:0:0:0:1 - - [28/Jul/2022:09:57:22 +0900] "GET /ServletProjet/WEB-INF/BBS/write.html HTTP/1.1" 404 721
127.0.0.1 - - [28/Jul/2022:10:08:40 +0900] "GET / HTTP/1.1" 404 807
0:0:0:0:0:0:0:1 - - [28/Jul/2022:10:08:44 +0900] "GET /ServletProjet/WEB-INF/BBS/write.html HTTP/1.1" 404 721
127.0.0.1 - - [28/Jul/2022:10:09:39 +0900] "GET / HTTP/1.1" 404 807
0:0:0:0:0:0:0:1 - - [28/Jul/2022:10:09:40 +0900] "GET /ServletProjet/BBS/write.html HTTP/1.1" 200 642
127.0.0.1 - - [28/Jul/2022:10:10:27 +0900] "GET / HTTP/1.1" 404 807
127.0.0.1 - - [28/Jul/2022:10:10:58 +0900] "GET / HTTP/1.1" 404 807
0:0:0:0:0:0:0:1 - - [28/Jul/2022:10:10:59 +0900] "GET /ServletProjet/BBS/write.html HTTP/1.1" 200 645
0:0:0:0:0:0:0:1 - - [28/Jul/2022:10:11:02 +0900] "POST /ServletProject/VisitInsert HTTP/1.1" 404 837
127.0.0.1 - - [28/Jul/2022:10:13:23 +0900] "GET / HTTP/1.1" 404 807
0:0:0:0:0:0:0:1 - - [28/Jul/2022:10:13:24 +0900] "GET /ServletProjet/BBS/write.html HTTP/1.1" 304 -
0:0:0:0:0:0:0:1 - - [28/Jul/2022:10:13:29 +0900] "POST /ServletProject/VisitInsert HTTP/1.1" 404 837
127.0.0.1 - - [28/Jul/2022:10:17:12 +0900] "GET / HTTP/1.1" 404 807
0:0:0:0:0:0:0:1 - - [28/Jul/2022:10:17:12 +0900] "GET /ServletProjet/BBS/write.html HTTP/1.1" 200 645
0:0:0:0:0:0:0:1 - - [28/Jul/2022:10:17:17 +0900] "POST /ServletProject/VisitInsert HTTP/1.1" 404 837
127.0.0.1 - - [28/Jul/2022:10:18:45 +0900] "GET / HTTP/1.1" 404 807
0:0:0:0:0:0:0:1 - - [28/Jul/2022:10:18:46 +0900] "GET /ServletProjet/BBS/write.html HTTP/1.1" 304 -
0:0:0:0:0:0:0:1 - - [28/Jul/2022:10:18:51 +0900] "POST /ServletProject/VisitInsert HTTP/1.1" 404 837
127.0.0.1 - - [28/Jul/2022:10:21:29 +0900] "GET / HTTP/1.1" 404 807
0:0:0:0:0:0:0:1 - - [28/Jul/2022:10:21:30 +0900] "GET /ServletProjet/BBS/write.html HTTP/1.1" 200 644
0:0:0:0:0:0:0:1 - - [28/Jul/2022:10:21:35 +0900] "POST /ServletProjet/VisitInsert HTTP/1.1" 302 -
0:0:0:0:0:0:0:1 - - [28/Jul/2022:10:21:35 +0900] "GET /ServletProjet/VisitList HTTP/1.1" 404 834
127.0.0.1 - - [28/Jul/2022:11:27:05 +0900] "GET / HTTP/1.1" 404 807
0:0:0:0:0:0:0:1 - - [28/Jul/2022:11:27:07 +0900] "GET /ServletProjet/servlet/com.bbs.VisitList HTTP/1.1" 404 854
127.0.0.1 - - [28/Jul/2022:11:30:54 +0900] "GET / HTTP/1.1" 404 807
0:0:0:0:0:0:0:1 - - [28/Jul/2022:11:30:57 +0900] "GET /ServletProjet/VisitList HTTP/1.1" 200 83
127.0.0.1 - - [28/Jul/2022:11:32:02 +0900] "GET / HTTP/1.1" 404 807
0:0:0:0:0:0:0:1 - - [28/Jul/2022:11:32:06 +0900] "GET /ServletProjet/VisitList HTTP/1.1" 200 83
127.0.0.1 - - [28/Jul/2022:11:37:38 +0900] "GET / HTTP/1.1" 404 807
0:0:0:0:0:0:0:1 - - [28/Jul/2022:11:37:42 +0900] "GET /ServletProjet/VisitList HTTP/1.1" 200 83
127.0.0.1 - - [28/Jul/2022:11:41:43 +0900] "GET / HTTP/1.1" 404 807
0:0:0:0:0:0:0:1 - - [28/Jul/2022:11:41:45 +0900] "GET /ServletProjet/BBS/write.html HTTP/1.1" 200 644
0:0:0:0:0:0:0:1 - - [28/Jul/2022:11:41:52 +0900] "POST /ServletProjet/VisitInsert HTTP/1.1" 302 -
0:0:0:0:0:0:0:1 - - [28/Jul/2022:11:41:52 +0900] "GET /ServletProjet/VisitList HTTP/1.1" 200 148
127.0.0.1 - - [28/Jul/2022:11:45:32 +0900] "GET / HTTP/1.1" 404 807
0:0:0:0:0:0:0:1 - - [28/Jul/2022:11:45:32 +0900] "GET /ServletProjet/BBS/write.html HTTP/1.1" 304 -
0:0:0:0:0:0:0:1 - - [28/Jul/2022:11:45:36 +0900] "POST /ServletProjet/VisitInsert HTTP/1.1" 302 -
0:0:0:0:0:0:0:1 - - [28/Jul/2022:11:45:36 +0900] "GET /ServletProjet/VisitList HTTP/1.1" 200 147
127.0.0.1 - - [28/Jul/2022:11:46:40 +0900] "GET / HTTP/1.1" 404 807
0:0:0:0:0:0:0:1 - - [28/Jul/2022:11:46:44 +0900] "POST /ServletProjet/VisitInsert HTTP/1.1" 302 -
0:0:0:0:0:0:0:1 - - [28/Jul/2022:11:46:44 +0900] "GET /ServletProjet/VisitList HTTP/1.1" 200 1752
127.0.0.1 - - [28/Jul/2022:11:47:37 +0900] "GET / HTTP/1.1" 404 807
127.0.0.1 - - [28/Jul/2022:11:48:07 +0900] "GET / HTTP/1.1" 404 807
0:0:0:0:0:0:0:1 - - [28/Jul/2022:11:48:08 +0900] "GET /ServletProjet/BBS/write.html HTTP/1.1" 304 -
0:0:0:0:0:0:0:1 - - [28/Jul/2022:11:48:16 +0900] "POST /ServletProjet/VisitInsert HTTP/1.1" 302 -
0:0:0:0:0:0:0:1 - - [28/Jul/2022:11:48:16 +0900] "GET /ServletProjet/VisitList HTTP/1.1" 200 2155
127.0.0.1 - - [28/Jul/2022:11:50:21 +0900] "GET / HTTP/1.1" 404 807
0:0:0:0:0:0:0:1 - - [28/Jul/2022:11:50:23 +0900] "GET /ServletProjet/VisitList HTTP/1.1" 200 2135
127.0.0.1 - - [28/Jul/2022:11:52:24 +0900] "GET / HTTP/1.1" 404 807
0:0:0:0:0:0:0:1 - - [28/Jul/2022:11:52:26 +0900] "GET /ServletProjet/VisitList HTTP/1.1" 200 2135
127.0.0.1 - - [28/Jul/2022:11:58:31 +0900] "GET / HTTP/1.1" 404 807
0:0:0:0:0:0:0:1 - - [28/Jul/2022:11:58:35 +0900] "GET /ServletProjet/VisitList HTTP/1.1" 200 2135
127.0.0.1 - - [28/Jul/2022:11:59:36 +0900] "GET / HTTP/1.1" 404 807
0:0:0:0:0:0:0:1 - - [28/Jul/2022:11:59:40 +0900] "GET /ServletProjet/VisitList HTTP/1.1" 200 2144
0:0:0:0:0:0:0:1 - - [28/Jul/2022:11:59:43 +0900] "GET /ServletProjet/bbs/write.html HTTP/1.1" 404 843
127.0.0.1 - - [28/Jul/2022:15:01:03 +0900] "GET / HTTP/1.1" 404 807
0:0:0:0:0:0:0:1 - - [28/Jul/2022:15:01:07 +0900] "GET /ServletProjet/WEB-INF/web.xml HTTP/1.1" 404 721
127.0.0.1 - - [28/Jul/2022:15:05:03 +0900] "GET / HTTP/1.1" 404 807
0:0:0:0:0:0:0:1 - - [28/Jul/2022:15:05:05 +0900] "GET /ServletProjet/WEB-INF/web.xml HTTP/1.1" 404 721
127.0.0.1 - - [28/Jul/2022:15:07:01 +0900] "GET / HTTP/1.1" 404 807
0:0:0:0:0:0:0:1 - - [28/Jul/2022:15:07:04 +0900] "GET /ServletProjet/InitParam HTTP/1.1" 200 136
127.0.0.1 - - [28/Jul/2022:15:10:35 +0900] "GET / HTTP/1.1" 404 807
0:0:0:0:0:0:0:1 - - [28/Jul/2022:15:10:37 +0900] "GET /ServletProjet/InitParam HTTP/1.1" 200 136
127.0.0.1 - - [28/Jul/2022:15:13:06 +0900] "GET / HTTP/1.1" 404 807
0:0:0:0:0:0:0:1 - - [28/Jul/2022:15:13:08 +0900] "GET /ServletProjet/InitParam HTTP/1.1" 200 169
